################################################################################
#                                                                              #
#      IAR Universal Linker V6.4.6.89                                          #
#                                                                              #
#           Link time     =  31/Oct/2016  19:38:26                             #
#           Target CPU    =  MSP430                                            #
#           List file     =  D:\105上課程\微算機原理與應用\實驗\Lab6\Lab6_C\De #
#                            bug\List\Lab6_C.map                               #
#           Output file 1 =  D:\105上課程\微算機原理與應用\實驗\Lab6\Lab6_C\De #
#                            bug\Exe\Lab6_C.d43                                #
#                            Format: ubrof10                                   #
#                            UBROF version 10.0.6                              #
#                            Using library modules for C-SPY (-rt)             #
#           Command line  =  D:\105上課程\微算機原理與應用\實驗\Lab6\Lab6_C\De #
#                            bug\Obj\main.r43                                  #
#                            -o                                                #
#                            D:\105上課程\微算機原理與應用\實驗\Lab6\Lab6_C\De #
#                            bug\Exe\Lab6_C.d43                                #
#                            -l                                                #
#                            D:\105上課程\微算機原理與應用\實驗\Lab6\Lab6_C\De #
#                            bug\List\Lab6_C.map                               #
#                            -xms                                              #
#                            "-ID:\IAR Systems\Embedded Workbench 7.4\430\LIB\ #
#                            "                                                 #
#                            -f                                                #
#                            "D:\IAR Systems\Embedded Workbench 7.4\430\config #
#                            \linker\lnk430f5529.xcl"                          #
#                            (-cmsp430 -D?CPU30_OFFSET=2 -QCODE_I=CODE_ID      #
#                            -QTLS16_I=TLS16_ID -D__iar_HWMUL=4C0              #
#                            -Z(CONST)INFO=1800-19FF                           #
#                            -Z(CONST)INFOA=1980-19FF                          #
#                            -Z(CONST)INFOB=1900-197F                          #
#                            -Z(CONST)INFOC=1880-18FF                          #
#                            -Z(CONST)INFOD=1800-187F                          #
#                            -Z(DATA)USBRAM=1C00-23FF                          #
#                            -Z(DATA)DATA16_I,DATA16_Z,DATA16_N,TLS16_I=2400-4 #
#                            3FF                                               #
#                            -Z(DATA)DATA16_HEAP+_DATA16_HEAP_SIZE             #
#                            -Z(DATA)CODE_I                                    #
#                            -Z(DATA)DATA20_I,DATA20_Z,DATA20_N,DATA20_HEAP+_D #
#                            ATA20_HEAP_SIZE                                   #
#                            -Z(DATA)CSTACK+_STACK_SIZE#                       #
#                            -Z(CONST)DATA16_C,DATA16_ID,TLS16_ID,DIFUNCT,CHEC #
#                            KSUM=4400-FF7F                                    #
#                            -Z(CODE)CSTART,ISR_CODE,CODE16=4400-FF7F          #
#                            -P(CODE)CODE=4400-FF7F,10000-243FF                #
#                            -Z(CONST)DATA20_C,DATA20_ID,CODE_ID=4400-FF7F,100 #
#                            40-243FF                                          #
#                            -Z(CODE)INTVEC=FF80-FFFF                          #
#                            -Z(CODE)RESET=FFFE-FFFF) -f                       #
#                            "D:\IAR Systems\Embedded Workbench 7.4\430\config #
#                            \linker\multiplier32.xcl"                         #
#                            (-e?Mul8Hw=?Mul8 -e?Mul16Hw=?Mul16                #
#                            -e?Mul16to32uHw=?Mul16to32u                       #
#                            -e?Mul16to32sHw=?Mul16to32s -e?Mul32Hw32=?Mul32   #
#                            -e?Mul64Hw32=_Mul64i                              #
#                            -e?Mul32u32uto64iHw32=_Mul32u32uto64i             #
#                            -e?Mul32fHw32=_Mul32f                             #
#                            -e_Mul64fHw32Ptr=_Mul64fPtr) -D_STACK_SIZE=A0     #
#                            -rt                                               #
#                            "D:\IAR Systems\Embedded Workbench 7.4\430\lib\dl #
#                            ib\dl430xlsfn.r43"                                #
#                            -e_PrintfLarge=_Printf -e_ScanfLarge=_Scanf       #
#                            -D_DATA16_HEAP_SIZE=A0 -s __program_start         #
#                            -D_DATA20_HEAP_SIZE=50                            #
#                                                                              #
#                           Copyright (C) 1987-2016 IAR Systems AB.            #
################################################################################





                ****************************************
                *                                      *
                *           CROSS REFERENCE            *
                *                                      *
                ****************************************

       Program entry at :           4400  Relocatable, from module : ?cstart




                ****************************************
                *                                      *
                *            RUNTIME MODEL             *
                *                                      *
                ****************************************

  __Heap_Handler             = Basic
  __SystemLibrary            = DLib
  __code_model               = large
  __core                     = 430X
  __data_model               = small
  __dlib_file_descriptor     = 0
  __dlib_full_locale_support = 0
  __double_size              = 32
  __pic                      = no
  __reg_r4                   = free
  __reg_r5                   = free
  __rt_version               = 3

                ****************************************
                *                                      *
                *    AUTOMATIC SYMBOL REDIRECTIONS     *
                *                                      *
                ****************************************

                  There are no automatic symbol redirections.



                ****************************************
                *                                      *
                *              MODULE MAP              *
                *                                      *
                ****************************************


  DEFINED ABSOLUTE ENTRIES
    *************************************************************************

  DEFINED ABSOLUTE ENTRIES
  PROGRAM MODULE, NAME : ?ABS_ENTRY_MOD

Absolute parts
           ENTRY                   ADDRESS         REF BY
           =====                   =======         ======
           _DATA20_HEAP_SIZE       0050 
           _DATA16_HEAP_SIZE       00A0 
           _STACK_SIZE             00A0 
           __iar_HWMUL             04C0 
           ?CPU30_OFFSET           0002 
    *************************************************************************

  FILE NAME : D:\105上課程\微算機原理與應用\實驗\Lab6\Lab6_C\Debug\Obj\main.r43
  PROGRAM MODULE, NAME : main

  SEGMENTS IN THE MODULE
  ======================
DATA16_AN
  Relative segment, address: 0202 - 0203 (0x2 bytes), align: 0
  Segment part 1. ROOT        Intra module refs:   P2_ISR
                                                   main
           ENTRY                   ADDRESS         REF BY
           =====                   =======         ======
           _A_PAOUT                0202 
           LOCAL                   ADDRESS         
           =====                   =======         
           P1OUT                   0202 
           P1OUT_bit               0202 
           P2OUT                   0203 
           P2OUT_bit               0203 
           PAOUT                   0202 
           PAOUT_H                 0203 
           PAOUT_L                 0202 
           PAOUT_bit               0202 
    -------------------------------------------------------------------------
DATA16_AN
  Relative segment, address: 0204 - 0205 (0x2 bytes), align: 0
  Segment part 2. ROOT        Intra module refs:   main
           ENTRY                   ADDRESS         REF BY
           =====                   =======         ======
           _A_PADIR                0204 
           LOCAL                   ADDRESS         
           =====                   =======         
           P1DIR                   0204 
           P1DIR_bit               0204 
           P2DIR                   0205 
           P2DIR_bit               0205 
           PADIR                   0204 
           PADIR_H                 0205 
           PADIR_L                 0204 
           PADIR_bit               0204 
    -------------------------------------------------------------------------
DATA16_AN
  Relative segment, address: 0206 - 0207 (0x2 bytes), align: 0
  Segment part 3. ROOT        Intra module refs:   main
           ENTRY                   ADDRESS         REF BY
           =====                   =======         ======
           _A_PAREN                0206 
           LOCAL                   ADDRESS         
           =====                   =======         
           P1REN                   0206 
           P1REN_bit               0206 
           P2REN                   0207 
           P2REN_bit               0207 
           PAREN                   0206 
           PAREN_H                 0207 
           PAREN_L                 0206 
           PAREN_bit               0206 
    -------------------------------------------------------------------------
DATA16_AN
  Relative segment, address: 020A - 020B (0x2 bytes), align: 0
  Segment part 4. ROOT        Intra module refs:   main
           ENTRY                   ADDRESS         REF BY
           =====                   =======         ======
           _A_PASEL                020A 
           LOCAL                   ADDRESS         
           =====                   =======         
           P1SEL                   020A 
           P1SEL_bit               020A 
           P2SEL                   020B 
           P2SEL_bit               020B 
           PASEL                   020A 
           PASEL_H                 020B 
           PASEL_L                 020A 
           PASEL_bit               020A 
    -------------------------------------------------------------------------
DATA16_AN
  Relative segment, address: 0218 - 0219 (0x2 bytes), align: 0
  Segment part 5. ROOT        Intra module refs:   main
           ENTRY                   ADDRESS         REF BY
           =====                   =======         ======
           _A_PAIES                0218 
           LOCAL                   ADDRESS         
           =====                   =======         
           P1IES                   0218 
           P1IES_bit               0218 
           P2IES                   0219 
           P2IES_bit               0219 
           PAIES                   0218 
           PAIES_H                 0219 
           PAIES_L                 0218 
           PAIES_bit               0218 
    -------------------------------------------------------------------------
DATA16_AN
  Relative segment, address: 021A - 021B (0x2 bytes), align: 0
  Segment part 6. ROOT        Intra module refs:   P1_ISR
                                                   P2_ISR
                                                   main
           ENTRY                   ADDRESS         REF BY
           =====                   =======         ======
           _A_PAIE                 021A 
           LOCAL                   ADDRESS         
           =====                   =======         
           P1IE                    021A 
           P1IE_bit                021A 
           P2IE                    021B 
           P2IE_bit                021B 
           PAIE                    021A 
           PAIE_H                  021B 
           PAIE_L                  021A 
           PAIE_bit                021A 
    -------------------------------------------------------------------------
DATA16_AN
  Relative segment, address: 021C - 021D (0x2 bytes), align: 0
  Segment part 7. ROOT        Intra module refs:   P1_ISR
                                                   P2_ISR
           ENTRY                   ADDRESS         REF BY
           =====                   =======         ======
           _A_PAIFG                021C 
           LOCAL                   ADDRESS         
           =====                   =======         
           P1IFG                   021C 
           P1IFG_bit               021C 
           P2IFG                   021D 
           P2IFG_bit               021D 
           PAIFG                   021C 
           PAIFG_H                 021D 
           PAIFG_L                 021C 
           PAIFG_bit               021C 
    -------------------------------------------------------------------------
DATA16_AN
  Relative segment, address: 0222 - 0223 (0x2 bytes), align: 0
  Segment part 8. ROOT        Intra module refs:   P1_ISR
           ENTRY                   ADDRESS         REF BY
           =====                   =======         ======
           _A_PBOUT                0222 
           LOCAL                   ADDRESS         
           =====                   =======         
           P3OUT                   0222 
           P3OUT_bit               0222 
           P4OUT                   0223 
           P4OUT_bit               0223 
           PBOUT                   0222 
           PBOUT_H                 0223 
           PBOUT_L                 0222 
           PBOUT_bit               0222 
    -------------------------------------------------------------------------
DATA16_AN
  Relative segment, address: 0224 - 0225 (0x2 bytes), align: 0
  Segment part 9. ROOT        Intra module refs:   main
           ENTRY                   ADDRESS         REF BY
           =====                   =======         ======
           _A_PBDIR                0224 
           LOCAL                   ADDRESS         
           =====                   =======         
           P3DIR                   0224 
           P3DIR_bit               0224 
           P4DIR                   0225 
           P4DIR_bit               0225 
           PBDIR                   0224 
           PBDIR_H                 0225 
           PBDIR_L                 0224 
           PBDIR_bit               0224 
    -------------------------------------------------------------------------
DATA16_AN
  Relative segment, address: 022A - 022B (0x2 bytes), align: 0
  Segment part 10. ROOT       Intra module refs:   main
           ENTRY                   ADDRESS         REF BY
           =====                   =======         ======
           _A_PBSEL                022A 
           LOCAL                   ADDRESS         
           =====                   =======         
           P3SEL                   022A 
           P3SEL_bit               022A 
           P4SEL                   022B 
           P4SEL_bit               022B 
           PBSEL                   022A 
           PBSEL_H                 022B 
           PBSEL_L                 022A 
           PBSEL_bit               022A 
    -------------------------------------------------------------------------
DATA16_AN
  Relative segment, address: 015C - 015D (0x2 bytes), align: 0
  Segment part 11. ROOT       Intra module refs:   main
           ENTRY                   ADDRESS         REF BY
           =====                   =======         ======
           _A_WDTCTL               015C 
           LOCAL                   ADDRESS         
           =====                   =======         
           WDTCTL                  015C 
           WDTCTL_H                015D 
           WDTCTL_L                015C 
           WDTCTL_bit              015C 
    -------------------------------------------------------------------------
<CODE> 1 (was CODE)
  Relative segment, address: 4472 - 44C3 (0x52 bytes), align: 1
  Segment part 15.
           ENTRY                   ADDRESS         REF BY
           =====                   =======         ======
           main                    4472            Segment part 26 (?cstart)
    -------------------------------------------------------------------------
ISR_CODE
  Relative segment, address: 440C - 443D (0x32 bytes), align: 1
  Segment part 16.            Intra module refs:   P2_ISR::??INTVEC 84
           ENTRY                   ADDRESS         REF BY
           =====                   =======         ======
           P2_ISR                  440C 
               interrupt function
    -------------------------------------------------------------------------
ISR_CODE
  Relative segment, address: 443E - 4471 (0x34 bytes), align: 1
  Segment part 17.            Intra module refs:   P1_ISR::??INTVEC 94
           ENTRY                   ADDRESS         REF BY
           =====                   =======         ======
           P1_ISR                  443E 
               interrupt function
    -------------------------------------------------------------------------
INTVEC
  Common segment, address: FF80 - FFD5 (0x56 bytes), align: 1
  Segment part 12. ROOT 
           ENTRY                   ADDRESS         REF BY
           =====                   =======         ======
           P2_ISR::??INTVEC 84     FFD4 
    -------------------------------------------------------------------------
INTVEC
  Common segment, address: FF80 - FFDF (0x60 bytes), align: 1
  Segment part 13. ROOT 
           ENTRY                   ADDRESS         REF BY
           =====                   =======         ======
           P1_ISR::??INTVEC 94     FFDE 

    *************************************************************************

  FILE NAME : D:\IAR Systems\Embedded Workbench 7.4\430\lib\dlib\dl430xlsfn.r43
  LIBRARY MODULE, NAME : ?__dbg_break

  SEGMENTS IN THE MODULE
  ======================
<CODE> 1 (was CODE)
  Relative segment, address: 44E0 - 44E1 (0x2 bytes), align: 1
  Segment part 2.
           ENTRY                   ADDRESS         REF BY
           =====                   =======         ======
           __DebugBreak            44E0            __exit (?__exit)

    -------------------------------------------------------------------------
  LIBRARY MODULE, NAME : ?__exit

  SEGMENTS IN THE MODULE
  ======================
<CODE> 1 (was CODE)
  Relative segment, address: 44C4 - 44D7 (0x14 bytes), align: 1
  Segment part 2.
           ENTRY                   ADDRESS         REF BY
           =====                   =======         ======
           __exit                  44C4            Segment part 6 (?_exit)
                                                   _exit (?_exit)
               calls direct

    -------------------------------------------------------------------------
  LIBRARY MODULE, NAME : ?_exit

  SEGMENTS IN THE MODULE
  ======================
<CODE> 1 (was CODE)
  Relative segment, address: 44D8, align: 1
  Segment part 0.
           ENTRY                   ADDRESS         REF BY
           =====                   =======         ======
           _exit                   44D8            exit (?exit)
    -------------------------------------------------------------------------
<CODE> 1 (was CODE)
  Relative segment, address: 44D8 - 44DB (0x4 bytes), align: 1
  Segment part 6.             Intra module refs:   _exit

    -------------------------------------------------------------------------
  LIBRARY MODULE, NAME : ?cstart

  SEGMENTS IN THE MODULE
  ======================
CSTACK
  Relative segment, address: 4360, align: 1
  Segment part 1.
    -------------------------------------------------------------------------
CODE_I
  Relative segment, address: 2400, align: 1
  Segment part 5.
    -------------------------------------------------------------------------
CODE_ID
  Relative segment, address: 44E2, align: 1
  Segment part 6.
    -------------------------------------------------------------------------
DATA20_Z
  Relative segment, address: 2400, align: 1
  Segment part 7.
    -------------------------------------------------------------------------
DATA20_I
  Relative segment, address: 2400, align: 1
  Segment part 8.
    -------------------------------------------------------------------------
DATA20_ID
  Relative segment, address: 44E2, align: 1
  Segment part 9.
    -------------------------------------------------------------------------
DATA20_C
  Relative segment, address: 44E2, align: 1
  Segment part 10.
    -------------------------------------------------------------------------
DATA20_N
  Relative segment, address: 2400, align: 1
  Segment part 12.
    -------------------------------------------------------------------------
CSTART
  Relative segment, address: 4400 - 4403 (0x4 bytes), align: 1
  Segment part 15.
           ENTRY                   ADDRESS         REF BY
           =====                   =======         ======
           __program_start         4400            ?reset_vector (?reset_vector)
                                                   Absolute parts (?ABS_ENTRY_MOD)
           ?cstart_begin           4400 
    -------------------------------------------------------------------------
CSTART
  Relative segment, address: 4404 - 440B (0x8 bytes), align: 1
  Segment part 26.            Intra module refs:   Segment part 15
           ENTRY                   ADDRESS         REF BY
           =====                   =======         ======
           ?cstart_call_main       4404 
           ?cstart_end             440C 
    -------------------------------------------------------------------------
CODE_ID
  Relative segment, address: 44E2, align: 1
  Segment part 27.            Intra module refs:   Segment part 5

    -------------------------------------------------------------------------
  LIBRARY MODULE, NAME : ?reset_vector

  SEGMENTS IN THE MODULE
  ======================
RESET
  Relative segment, address: FFFE - FFFF (0x2 bytes), align: 1
  Segment part 0.
           ENTRY                   ADDRESS         REF BY
           =====                   =======         ======
           ?reset_vector           FFFE            Segment part 15 (?cstart)

    -------------------------------------------------------------------------
  LIBRARY MODULE, NAME : ?exit

  SEGMENTS IN THE MODULE
  ======================
<CODE> 1 (was CODE)
  Relative segment, address: 44DC - 44DF (0x4 bytes), align: 1
  Segment part 2.
           ENTRY                   ADDRESS         REF BY
           =====                   =======         ======
           exit                    44DC            Segment part 26 (?cstart)
               calls direct




                ****************************************
                *                                      *
                *      SEGMENTS IN ADDRESS ORDER       *
                *                                      *
                ****************************************


SEGMENT              SPACE    START ADDRESS   END ADDRESS     SIZE  TYPE  ALIGN
=======              =====    =============   ===========     ====  ====  =====
DATA16_AN                              015C - 015D               2   rel    0
                                       0202 - 0207               6 
                                       020A - 020B               2 
                                       0218 - 021D               6 
                                       0222 - 0225               4 
                                       022A - 022B               2 
CODE_I                                    2400                       rel    1
DATA20_I                                  2400                       rel    1
DATA20_N                                  2400                       rel    1
DATA20_Z                                  2400                       rel    1
CSTACK                                 4360 - 43FF              A0   rel    1
CSTART                                 4400 - 440B               C   rel    1
ISR_CODE                               440C - 4471              66   rel    1
<CODE> 1                               4472 - 44E1              70   rel    1
DATA20_C                                  44E2                       rel    1
DATA20_ID                                 44E2                       rel    1
CODE_ID                                   44E2                       rel    1
INTVEC                                 FF80 - FFDF              60   com    1
RESET                                  FFFE - FFFF               2   rel    1

                ****************************************
                *                                      *
                *        END OF CROSS REFERENCE        *
                *                                      *
                ****************************************

 324 bytes of CODE memory
 160 bytes of DATA memory (+ 22 absolute )

Errors: none
Warnings: none

