################################################################################
#                                                                              #
#      IAR Universal Linker V6.4.6.89                                          #
#                                                                              #
#           Link time     =  17/Oct/2016  00:49:56                             #
#           Target CPU    =  MSP430                                            #
#           List file     =  D:\105上課程\微算機原理與應用\作業\HW1\C14031162_ #
#                            HW1\Hw1_2\Debug\List\Hw1_2.map                    #
#           Output file 1 =  D:\105上課程\微算機原理與應用\作業\HW1\C14031162_ #
#                            HW1\Hw1_2\Debug\Exe\Hw1_2.d43                     #
#                            Format: ubrof10                                   #
#                            UBROF version 10.0.6                              #
#                            Using library modules for C-SPY (-rt)             #
#           Command line  =  D:\105上課程\微算機原理與應用\作業\HW1\C14031162_ #
#                            HW1\Hw1_2\Debug\Obj\asm.r43                       #
#                            -o                                                #
#                            D:\105上課程\微算機原理與應用\作業\HW1\C14031162_ #
#                            HW1\Hw1_2\Debug\Exe\Hw1_2.d43                     #
#                            -l                                                #
#                            D:\105上課程\微算機原理與應用\作業\HW1\C14031162_ #
#                            HW1\Hw1_2\Debug\List\Hw1_2.map                    #
#                            -xms                                              #
#                            "-ID:\IAR Systems\Embedded Workbench 7.4\430\LIB\ #
#                            "                                                 #
#                            -f                                                #
#                            "D:\IAR Systems\Embedded Workbench 7.4\430\config #
#                            \linker\lnk430f5529.xcl"                          #
#                            (-cmsp430 -D?CPU30_OFFSET=2 -QCODE_I=CODE_ID      #
#                            -QTLS16_I=TLS16_ID -D__iar_HWMUL=4C0              #
#                            -Z(CONST)INFO=1800-19FF                           #
#                            -Z(CONST)INFOA=1980-19FF                          #
#                            -Z(CONST)INFOB=1900-197F                          #
#                            -Z(CONST)INFOC=1880-18FF                          #
#                            -Z(CONST)INFOD=1800-187F                          #
#                            -Z(DATA)USBRAM=1C00-23FF                          #
#                            -Z(DATA)DATA16_I,DATA16_Z,DATA16_N,TLS16_I=2400-4 #
#                            3FF                                               #
#                            -Z(DATA)DATA16_HEAP+_DATA16_HEAP_SIZE             #
#                            -Z(DATA)CODE_I                                    #
#                            -Z(DATA)DATA20_I,DATA20_Z,DATA20_N,DATA20_HEAP+_D #
#                            ATA20_HEAP_SIZE                                   #
#                            -Z(DATA)CSTACK+_STACK_SIZE#                       #
#                            -Z(CONST)DATA16_C,DATA16_ID,TLS16_ID,DIFUNCT,CHEC #
#                            KSUM=4400-FF7F                                    #
#                            -Z(CODE)CSTART,ISR_CODE,CODE16=4400-FF7F          #
#                            -P(CODE)CODE=4400-FF7F,10000-243FF                #
#                            -Z(CONST)DATA20_C,DATA20_ID,CODE_ID=4400-FF7F,100 #
#                            40-243FF                                          #
#                            -Z(CODE)INTVEC=FF80-FFFF                          #
#                            -Z(CODE)RESET=FFFE-FFFF) -f                       #
#                            "D:\IAR Systems\Embedded Workbench 7.4\430\config #
#                            \linker\multiplier32.xcl"                         #
#                            (-e?Mul8Hw=?Mul8 -e?Mul16Hw=?Mul16                #
#                            -e?Mul16to32uHw=?Mul16to32u                       #
#                            -e?Mul16to32sHw=?Mul16to32s -e?Mul32Hw32=?Mul32   #
#                            -e?Mul64Hw32=_Mul64i                              #
#                            -e?Mul32u32uto64iHw32=_Mul32u32uto64i             #
#                            -e?Mul32fHw32=_Mul32f                             #
#                            -e_Mul64fHw32Ptr=_Mul64fPtr) -D_STACK_SIZE=A0     #
#                            -rt -D_DATA16_HEAP_SIZE=A0                        #
#                            -D_DATA20_HEAP_SIZE=50                            #
#                                                                              #
#                           Copyright (C) 1987-2016 IAR Systems AB.            #
################################################################################





                ****************************************
                *                                      *
                *           CROSS REFERENCE            *
                *                                      *
                ****************************************

                  There are no program entries.


                ****************************************
                *                                      *
                *    AUTOMATIC SYMBOL REDIRECTIONS     *
                *                                      *
                ****************************************

                  There are no automatic symbol redirections.



                ****************************************
                *                                      *
                *              MODULE MAP              *
                *                                      *
                ****************************************


  DEFINED ABSOLUTE ENTRIES
    *************************************************************************

  DEFINED ABSOLUTE ENTRIES
  PROGRAM MODULE, NAME : ?ABS_ENTRY_MOD

Absolute parts
           ENTRY                   ADDRESS         REF BY
           =====                   =======         ======
           _DATA20_HEAP_SIZE       0050 
           _DATA16_HEAP_SIZE       00A0 
           _STACK_SIZE             00A0 
           __iar_HWMUL             04C0 
           ?CPU30_OFFSET           0002 
    *************************************************************************

  FILE NAME : D:\105上課程\微算機原理與應用\作業\HW1\C14031162_HW1\Hw1_2\Debug\Obj\asm.r43
  PROGRAM MODULE, NAME : main

Absolute parts
     1000 - 1009
     1010 - 1019
     1020 - 1029
     1030 - 1039
     1040 - 1049
     1050 - 1059
     1060 - 1069
     1070 - 1079
     1080 - 1089
     1090 - 1099
     10A0 - 10A7
     FFFE - FFFF
           LOCAL                   ADDRESS         
           =====                   =======         
           __MSP430P112__          0000 
  SEGMENTS IN THE MODULE
  ======================
CSTACK
  Relative segment, address: 4360, align: 1
  Segment part 0. ROOT 
    -------------------------------------------------------------------------
<CODE> 1 (was CODE)
  Relative segment, address: 4400 - 44F9 (0xfa bytes), align: 1
  Segment part 1. ROOT        Intra module refs:   Absolute parts
           ENTRY                   ADDRESS         REF BY
           =====                   =======         ======
           main                    440A 
           LOCAL                   ADDRESS         
           =====                   =======         
           init                    4400 
           Start                   4412 
           Num1                    446C 
           Num2                    4474 
           Num3                    447C 
           Num4                    4484 
           Num5                    448C 
           Num6                    4494 
           Num7                    449C 
           Num8                    44A4 
           Num9                    44AC 
           Num0                    44B4 
           Space                   44DC 
           CalcEnd                 44EA 
           Calc                    44BC 
           For                     44C0 
           adddot                  44D0 
           adddash                 44D6 
           Final                   44F4 




                ****************************************
                *                                      *
                *      SEGMENTS IN ADDRESS ORDER       *
                *                                      *
                ****************************************


SEGMENT              SPACE    START ADDRESS   END ADDRESS     SIZE  TYPE  ALIGN
=======              =====    =============   ===========     ====  ====  =====
CSTACK                                 4360 - 43FF              A0   rel    1
<CODE> 1                               4400 - 44F9              FA   rel    1
                                       1000 - 1009               A  aseg  
                                       1010 - 1019               A  aseg  
                                       1020 - 1029               A  aseg  
                                       1030 - 1039               A  aseg  
                                       1040 - 1049               A  aseg  
                                       1050 - 1059               A  aseg  
                                       1060 - 1069               A  aseg  
                                       1070 - 1079               A  aseg  
                                       1080 - 1089               A  aseg  
                                       1090 - 1099               A  aseg  
                                       10A0 - 10A7               8  aseg  
                                       FFFE - FFFF               2  aseg  

                ****************************************
                *                                      *
                *        END OF CROSS REFERENCE        *
                *                                      *
                ****************************************

 250 bytes of CODE memory (+ 110 absolute )
 160 bytes of DATA memory

Errors: none
Warnings: none

