Warning[w1]: Error tag encountered in module digital_sum ( D:\105上課程\微算機原理與應用\作業\HW2\hw2\digital_sum\Debug\Obj\asm.r43 )
Warning[w1]: Error tag encountered in module digital_sum ( D:\105上課程\微算機原理與應用\作業\HW2\hw2\digital_sum\Debug\Obj\asm.r43 )
Warning[w1]: Error tag encountered in module digital_sum ( D:\105上課程\微算機原理與應用\作業\HW2\hw2\digital_sum\Debug\Obj\asm.r43 )
Warning[w1]: Error tag encountered in module digital_sum ( D:\105上課程\微算機原理與應用\作業\HW2\hw2\digital_sum\Debug\Obj\asm.r43 )
Warning[w1]: Error tag encountered in module digital_sum ( D:\105上課程\微算機原理與應用\作業\HW2\hw2\digital_sum\Debug\Obj\asm.r43 )
Warning[w1]: Error tag encountered in module digital_sum ( D:\105上課程\微算機原理與應用\作業\HW2\hw2\digital_sum\Debug\Obj\asm.r43 )
Warning[w1]: Error tag encountered in module digital_sum ( D:\105上課程\微算機原理與應用\作業\HW2\hw2\digital_sum\Debug\Obj\asm.r43 )
Warning[w1]: Error tag encountered in module digital_sum ( D:\105上課程\微算機原理與應用\作業\HW2\hw2\digital_sum\Debug\Obj\asm.r43 )
Warning[w1]: Error tag encountered in module digital_sum ( D:\105上課程\微算機原理與應用\作業\HW2\hw2\digital_sum\Debug\Obj\asm.r43 )
Warning[w1]: Error tag encountered in module digital_sum ( D:\105上課程\微算機原理與應用\作業\HW2\hw2\digital_sum\Debug\Obj\asm.r43 )
Warning[w1]: Error tag encountered in module digital_sum ( D:\105上課程\微算機原理與應用\作業\HW2\hw2\digital_sum\Debug\Obj\asm.r43 )
Warning[w1]: Error tag encountered in module digital_sum ( D:\105上課程\微算機原理與應用\作業\HW2\hw2\digital_sum\Debug\Obj\asm.r43 )
Warning[w1]: Error tag encountered in module digital_sum ( D:\105上課程\微算機原理與應用\作業\HW2\hw2\digital_sum\Debug\Obj\asm.r43 )
Warning[w1]: Error tag encountered in module digital_sum ( D:\105上課程\微算機原理與應用\作業\HW2\hw2\digital_sum\Debug\Obj\asm.r43 )
Warning[w1]: Error tag encountered in module digital_sum ( D:\105上課程\微算機原理與應用\作業\HW2\hw2\digital_sum\Debug\Obj\asm.r43 )
Warning[w1]: Error tag encountered in module digital_sum ( D:\105上課程\微算機原理與應用\作業\HW2\hw2\digital_sum\Debug\Obj\asm.r43 )
Warning[w1]: Error tag encountered in module digital_sum ( D:\105上課程\微算機原理與應用\作業\HW2\hw2\digital_sum\Debug\Obj\asm.r43 )
Warning[w1]: Error tag encountered in module digital_sum ( D:\105上課程\微算機原理與應用\作業\HW2\hw2\digital_sum\Debug\Obj\asm.r43 )
Warning[w1]: Error tag encountered in module digital_sum ( D:\105上課程\微算機原理與應用\作業\HW2\hw2\digital_sum\Debug\Obj\asm.r43 )
Warning[w1]: Error tag encountered in module digital_sum ( D:\105上課程\微算機原理與應用\作業\HW2\hw2\digital_sum\Debug\Obj\asm.r43 )
Warning[w1]: Error tag encountered in module digital_sum ( D:\105上課程\微算機原理與應用\作業\HW2\hw2\digital_sum\Debug\Obj\asm.r43 )
Warning[w1]: Error tag encountered in module digital_sum ( D:\105上課程\微算機原理與應用\作業\HW2\hw2\digital_sum\Debug\Obj\asm.r43 )
Warning[w1]: Error tag encountered in module digital_sum ( D:\105上課程\微算機原理與應用\作業\HW2\hw2\digital_sum\Debug\Obj\asm.r43 )
Warning[w1]: Error tag encountered in module digital_sum ( D:\105上課程\微算機原理與應用\作業\HW2\hw2\digital_sum\Debug\Obj\asm.r43 )
Warning[w1]: Error tag encountered in module digital_sum ( D:\105上課程\微算機原理與應用\作業\HW2\hw2\digital_sum\Debug\Obj\asm.r43 )
Warning[w1]: Error tag encountered in module digital_sum ( D:\105上課程\微算機原理與應用\作業\HW2\hw2\digital_sum\Debug\Obj\asm.r43 )
Warning[w1]: Error tag encountered in module digital_sum ( D:\105上課程\微算機原理與應用\作業\HW2\hw2\digital_sum\Debug\Obj\asm.r43 )
Warning[w1]: Error tag encountered in module digital_sum ( D:\105上課程\微算機原理與應用\作業\HW2\hw2\digital_sum\Debug\Obj\asm.r43 )
Warning[w1]: Error tag encountered in module digital_sum ( D:\105上課程\微算機原理與應用\作業\HW2\hw2\digital_sum\Debug\Obj\asm.r43 )
Warning[w1]: Error tag encountered in module digital_sum ( D:\105上課程\微算機原理與應用\作業\HW2\hw2\digital_sum\Debug\Obj\asm.r43 )
Warning[w1]: Error tag encountered in module digital_sum ( D:\105上課程\微算機原理與應用\作業\HW2\hw2\digital_sum\Debug\Obj\asm.r43 )
Warning[w1]: Error tag encountered in module digital_sum ( D:\105上課程\微算機原理與應用\作業\HW2\hw2\digital_sum\Debug\Obj\asm.r43 )
Warning[w1]: Error tag encountered in module digital_sum ( D:\105上課程\微算機原理與應用\作業\HW2\hw2\digital_sum\Debug\Obj\asm.r43 )
Warning[w1]: Error tag encountered in module digital_sum ( D:\105上課程\微算機原理與應用\作業\HW2\hw2\digital_sum\Debug\Obj\asm.r43 )
Warning[w1]: Error tag encountered in module digital_sum ( D:\105上課程\微算機原理與應用\作業\HW2\hw2\digital_sum\Debug\Obj\asm.r43 )
Warning[w1]: Error tag encountered in module digital_sum ( D:\105上課程\微算機原理與應用\作業\HW2\hw2\digital_sum\Debug\Obj\asm.r43 )
Warning[w1]: Error tag encountered in module digital_sum ( D:\105上課程\微算機原理與應用\作業\HW2\hw2\digital_sum\Debug\Obj\asm.r43 )
Warning[w1]: Error tag encountered in module digital_sum ( D:\105上課程\微算機原理與應用\作業\HW2\hw2\digital_sum\Debug\Obj\asm.r43 )
Warning[w1]: Error tag encountered in module digital_sum ( D:\105上課程\微算機原理與應用\作業\HW2\hw2\digital_sum\Debug\Obj\asm.r43 )
Warning[w1]: Error tag encountered in module digital_sum ( D:\105上課程\微算機原理與應用\作業\HW2\hw2\digital_sum\Debug\Obj\asm.r43 )
Warning[w1]: Error tag encountered in module digital_sum ( D:\105上課程\微算機原理與應用\作業\HW2\hw2\digital_sum\Debug\Obj\asm.r43 )
Warning[w1]: Error tag encountered in module digital_sum ( D:\105上課程\微算機原理與應用\作業\HW2\hw2\digital_sum\Debug\Obj\asm.r43 )
Warning[w1]: Error tag encountered in module digital_sum ( D:\105上課程\微算機原理與應用\作業\HW2\hw2\digital_sum\Debug\Obj\asm.r43 )
Warning[w1]: Error tag encountered in module digital_sum ( D:\105上課程\微算機原理與應用\作業\HW2\hw2\digital_sum\Debug\Obj\asm.r43 )
Warning[w1]: Error tag encountered in module digital_sum ( D:\105上課程\微算機原理與應用\作業\HW2\hw2\digital_sum\Debug\Obj\asm.r43 )
Warning[w1]: Error tag encountered in module digital_sum ( D:\105上課程\微算機原理與應用\作業\HW2\hw2\digital_sum\Debug\Obj\asm.r43 )
Warning[w1]: Error tag encountered in module digital_sum ( D:\105上課程\微算機原理與應用\作業\HW2\hw2\digital_sum\Debug\Obj\asm.r43 )
Warning[w1]: Error tag encountered in module digital_sum ( D:\105上課程\微算機原理與應用\作業\HW2\hw2\digital_sum\Debug\Obj\asm.r43 )
Warning[w1]: Error tag encountered in module digital_sum ( D:\105上課程\微算機原理與應用\作業\HW2\hw2\digital_sum\Debug\Obj\asm.r43 )
Warning[w1]: Error tag encountered in module digital_sum ( D:\105上課程\微算機原理與應用\作業\HW2\hw2\digital_sum\Debug\Obj\asm.r43 )
Warning[w1]: Error tag encountered in module digital_sum ( D:\105上課程\微算機原理與應用\作業\HW2\hw2\digital_sum\Debug\Obj\asm.r43 )
Warning[w1]: Error tag encountered in module digital_sum ( D:\105上課程\微算機原理與應用\作業\HW2\hw2\digital_sum\Debug\Obj\asm.r43 )
Warning[w1]: Error tag encountered in module digital_sum ( D:\105上課程\微算機原理與應用\作業\HW2\hw2\digital_sum\Debug\Obj\asm.r43 )
Warning[w1]: Error tag encountered in module digital_sum ( D:\105上課程\微算機原理與應用\作業\HW2\hw2\digital_sum\Debug\Obj\asm.r43 )
Warning[w1]: Error tag encountered in module digital_sum ( D:\105上課程\微算機原理與應用\作業\HW2\hw2\digital_sum\Debug\Obj\asm.r43 )
Warning[w1]: Error tag encountered in module digital_sum ( D:\105上課程\微算機原理與應用\作業\HW2\hw2\digital_sum\Debug\Obj\asm.r43 )
Warning[w1]: Error tag encountered in module digital_sum ( D:\105上課程\微算機原理與應用\作業\HW2\hw2\digital_sum\Debug\Obj\asm.r43 )
Warning[w1]: Error tag encountered in module digital_sum ( D:\105上課程\微算機原理與應用\作業\HW2\hw2\digital_sum\Debug\Obj\asm.r43 )
Warning[w1]: Error tag encountered in module digital_sum ( D:\105上課程\微算機原理與應用\作業\HW2\hw2\digital_sum\Debug\Obj\asm.r43 )
Warning[w1]: Error tag encountered in module digital_sum ( D:\105上課程\微算機原理與應用\作業\HW2\hw2\digital_sum\Debug\Obj\asm.r43 )
Warning[w1]: Error tag encountered in module digital_sum ( D:\105上課程\微算機原理與應用\作業\HW2\hw2\digital_sum\Debug\Obj\asm.r43 )
Warning[w1]: Error tag encountered in module digital_sum ( D:\105上課程\微算機原理與應用\作業\HW2\hw2\digital_sum\Debug\Obj\asm.r43 )
Warning[w1]: Error tag encountered in module digital_sum ( D:\105上課程\微算機原理與應用\作業\HW2\hw2\digital_sum\Debug\Obj\asm.r43 )
Warning[w1]: Error tag encountered in module digital_sum ( D:\105上課程\微算機原理與應用\作業\HW2\hw2\digital_sum\Debug\Obj\asm.r43 )
Warning[w1]: Error tag encountered in module digital_sum ( D:\105上課程\微算機原理與應用\作業\HW2\hw2\digital_sum\Debug\Obj\asm.r43 )
Warning[w1]: Error tag encountered in module digital_sum ( D:\105上課程\微算機原理與應用\作業\HW2\hw2\digital_sum\Debug\Obj\asm.r43 )
Warning[w1]: Error tag encountered in module digital_sum ( D:\105上課程\微算機原理與應用\作業\HW2\hw2\digital_sum\Debug\Obj\asm.r43 )
Warning[w1]: Error tag encountered in module digital_sum ( D:\105上課程\微算機原理與應用\作業\HW2\hw2\digital_sum\Debug\Obj\asm.r43 )
Warning[w1]: Error tag encountered in module digital_sum ( D:\105上課程\微算機原理與應用\作業\HW2\hw2\digital_sum\Debug\Obj\asm.r43 )
Warning[w1]: Error tag encountered in module digital_sum ( D:\105上課程\微算機原理與應用\作業\HW2\hw2\digital_sum\Debug\Obj\asm.r43 )
Warning[w1]: Error tag encountered in module digital_sum ( D:\105上課程\微算機原理與應用\作業\HW2\hw2\digital_sum\Debug\Obj\asm.r43 )
Warning[w1]: Error tag encountered in module digital_sum ( D:\105上課程\微算機原理與應用\作業\HW2\hw2\digital_sum\Debug\Obj\asm.r43 )
Warning[w1]: Error tag encountered in module digital_sum ( D:\105上課程\微算機原理與應用\作業\HW2\hw2\digital_sum\Debug\Obj\asm.r43 )
Warning[w1]: Error tag encountered in module digital_sum ( D:\105上課程\微算機原理與應用\作業\HW2\hw2\digital_sum\Debug\Obj\asm.r43 )
Warning[w1]: Error tag encountered in module digital_sum ( D:\105上課程\微算機原理與應用\作業\HW2\hw2\digital_sum\Debug\Obj\asm.r43 )
Warning[w1]: Error tag encountered in module digital_sum ( D:\105上課程\微算機原理與應用\作業\HW2\hw2\digital_sum\Debug\Obj\asm.r43 )
Warning[w1]: Error tag encountered in module digital_sum ( D:\105上課程\微算機原理與應用\作業\HW2\hw2\digital_sum\Debug\Obj\asm.r43 )
Warning[w1]: Error tag encountered in module digital_sum ( D:\105上課程\微算機原理與應用\作業\HW2\hw2\digital_sum\Debug\Obj\asm.r43 )
Warning[w1]: Error tag encountered in module digital_sum ( D:\105上課程\微算機原理與應用\作業\HW2\hw2\digital_sum\Debug\Obj\asm.r43 )
Warning[w1]: Error tag encountered in module digital_sum ( D:\105上課程\微算機原理與應用\作業\HW2\hw2\digital_sum\Debug\Obj\asm.r43 )
Warning[w1]: Error tag encountered in module digital_sum ( D:\105上課程\微算機原理與應用\作業\HW2\hw2\digital_sum\Debug\Obj\asm.r43 )
Warning[w1]: Error tag encountered in module digital_sum ( D:\105上課程\微算機原理與應用\作業\HW2\hw2\digital_sum\Debug\Obj\asm.r43 )
Warning[w1]: Error tag encountered in module digital_sum ( D:\105上課程\微算機原理與應用\作業\HW2\hw2\digital_sum\Debug\Obj\asm.r43 )
Warning[w1]: Error tag encountered in module digital_sum ( D:\105上課程\微算機原理與應用\作業\HW2\hw2\digital_sum\Debug\Obj\asm.r43 )
Warning[w1]: Error tag encountered in module digital_sum ( D:\105上課程\微算機原理與應用\作業\HW2\hw2\digital_sum\Debug\Obj\asm.r43 )
Warning[w1]: Error tag encountered in module digital_sum ( D:\105上課程\微算機原理與應用\作業\HW2\hw2\digital_sum\Debug\Obj\asm.r43 )
Warning[w1]: Error tag encountered in module digital_sum ( D:\105上課程\微算機原理與應用\作業\HW2\hw2\digital_sum\Debug\Obj\asm.r43 )
Warning[w1]: Error tag encountered in module digital_sum ( D:\105上課程\微算機原理與應用\作業\HW2\hw2\digital_sum\Debug\Obj\asm.r43 )
Warning[w1]: Error tag encountered in module digital_sum ( D:\105上課程\微算機原理與應用\作業\HW2\hw2\digital_sum\Debug\Obj\asm.r43 )
Warning[w1]: Error tag encountered in module digital_sum ( D:\105上課程\微算機原理與應用\作業\HW2\hw2\digital_sum\Debug\Obj\asm.r43 )
Warning[w1]: Error tag encountered in module digital_sum ( D:\105上課程\微算機原理與應用\作業\HW2\hw2\digital_sum\Debug\Obj\asm.r43 )
Warning[w1]: Error tag encountered in module digital_sum ( D:\105上課程\微算機原理與應用\作業\HW2\hw2\digital_sum\Debug\Obj\asm.r43 )
Warning[w1]: Error tag encountered in module digital_sum ( D:\105上課程\微算機原理與應用\作業\HW2\hw2\digital_sum\Debug\Obj\asm.r43 )
Warning[w1]: Error tag encountered in module digital_sum ( D:\105上課程\微算機原理與應用\作業\HW2\hw2\digital_sum\Debug\Obj\asm.r43 )
Warning[w1]: Error tag encountered in module digital_sum ( D:\105上課程\微算機原理與應用\作業\HW2\hw2\digital_sum\Debug\Obj\asm.r43 )
Warning[w1]: Error tag encountered in module digital_sum ( D:\105上課程\微算機原理與應用\作業\HW2\hw2\digital_sum\Debug\Obj\asm.r43 )
Warning[w1]: Error tag encountered in module digital_sum ( D:\105上課程\微算機原理與應用\作業\HW2\hw2\digital_sum\Debug\Obj\asm.r43 )
Warning[w1]: Error tag encountered in module digital_sum ( D:\105上課程\微算機原理與應用\作業\HW2\hw2\digital_sum\Debug\Obj\asm.r43 )
Warning[w1]: Error tag encountered in module digital_sum ( D:\105上課程\微算機原理與應用\作業\HW2\hw2\digital_sum\Debug\Obj\asm.r43 )
Warning[w1]: Error tag encountered in module digital_sum ( D:\105上課程\微算機原理與應用\作業\HW2\hw2\digital_sum\Debug\Obj\asm.r43 )
Warning[w1]: Error tag encountered in module digital_sum ( D:\105上課程\微算機原理與應用\作業\HW2\hw2\digital_sum\Debug\Obj\asm.r43 )
Warning[w1]: Error tag encountered in module digital_sum ( D:\105上課程\微算機原理與應用\作業\HW2\hw2\digital_sum\Debug\Obj\asm.r43 )
Warning[w1]: Error tag encountered in module digital_sum ( D:\105上課程\微算機原理與應用\作業\HW2\hw2\digital_sum\Debug\Obj\asm.r43 )
Warning[w1]: Error tag encountered in module digital_sum ( D:\105上課程\微算機原理與應用\作業\HW2\hw2\digital_sum\Debug\Obj\asm.r43 )
Warning[w1]: Error tag encountered in module digital_sum ( D:\105上課程\微算機原理與應用\作業\HW2\hw2\digital_sum\Debug\Obj\asm.r43 )
Warning[w1]: Error tag encountered in module digital_sum ( D:\105上課程\微算機原理與應用\作業\HW2\hw2\digital_sum\Debug\Obj\asm.r43 )
Warning[w1]: Error tag encountered in module digital_sum ( D:\105上課程\微算機原理與應用\作業\HW2\hw2\digital_sum\Debug\Obj\asm.r43 )
Warning[w1]: Error tag encountered in module digital_sum ( D:\105上課程\微算機原理與應用\作業\HW2\hw2\digital_sum\Debug\Obj\asm.r43 )
Warning[w1]: Error tag encountered in module digital_sum ( D:\105上課程\微算機原理與應用\作業\HW2\hw2\digital_sum\Debug\Obj\asm.r43 )
Warning[w1]: Error tag encountered in module digital_sum ( D:\105上課程\微算機原理與應用\作業\HW2\hw2\digital_sum\Debug\Obj\asm.r43 )
Warning[w1]: Error tag encountered in module digital_sum ( D:\105上課程\微算機原理與應用\作業\HW2\hw2\digital_sum\Debug\Obj\asm.r43 )
Warning[w1]: Error tag encountered in module digital_sum ( D:\105上課程\微算機原理與應用\作業\HW2\hw2\digital_sum\Debug\Obj\asm.r43 )
Warning[w1]: Error tag encountered in module digital_sum ( D:\105上課程\微算機原理與應用\作業\HW2\hw2\digital_sum\Debug\Obj\asm.r43 )
Warning[w1]: Error tag encountered in module digital_sum ( D:\105上課程\微算機原理與應用\作業\HW2\hw2\digital_sum\Debug\Obj\asm.r43 )
Warning[w1]: Error tag encountered in module digital_sum ( D:\105上課程\微算機原理與應用\作業\HW2\hw2\digital_sum\Debug\Obj\asm.r43 )
Warning[w1]: Error tag encountered in module digital_sum ( D:\105上課程\微算機原理與應用\作業\HW2\hw2\digital_sum\Debug\Obj\asm.r43 )
Warning[w1]: Error tag encountered in module digital_sum ( D:\105上課程\微算機原理與應用\作業\HW2\hw2\digital_sum\Debug\Obj\asm.r43 )
Warning[w1]: Error tag encountered in module digital_sum ( D:\105上課程\微算機原理與應用\作業\HW2\hw2\digital_sum\Debug\Obj\asm.r43 )
Warning[w1]: Error tag encountered in module digital_sum ( D:\105上課程\微算機原理與應用\作業\HW2\hw2\digital_sum\Debug\Obj\asm.r43 )
Warning[w1]: Error tag encountered in module digital_sum ( D:\105上課程\微算機原理與應用\作業\HW2\hw2\digital_sum\Debug\Obj\asm.r43 )
Warning[w1]: Error tag encountered in module digital_sum ( D:\105上課程\微算機原理與應用\作業\HW2\hw2\digital_sum\Debug\Obj\asm.r43 )
Warning[w1]: Error tag encountered in module digital_sum ( D:\105上課程\微算機原理與應用\作業\HW2\hw2\digital_sum\Debug\Obj\asm.r43 )
Warning[w1]: Error tag encountered in module digital_sum ( D:\105上課程\微算機原理與應用\作業\HW2\hw2\digital_sum\Debug\Obj\asm.r43 )
Warning[w1]: Error tag encountered in module digital_sum ( D:\105上課程\微算機原理與應用\作業\HW2\hw2\digital_sum\Debug\Obj\asm.r43 )
Warning[w1]: Error tag encountered in module digital_sum ( D:\105上課程\微算機原理與應用\作業\HW2\hw2\digital_sum\Debug\Obj\asm.r43 )
Warning[w1]: Error tag encountered in module digital_sum ( D:\105上課程\微算機原理與應用\作業\HW2\hw2\digital_sum\Debug\Obj\asm.r43 )
Warning[w1]: Error tag encountered in module digital_sum ( D:\105上課程\微算機原理與應用\作業\HW2\hw2\digital_sum\Debug\Obj\asm.r43 )
Warning[w1]: Error tag encountered in module digital_sum ( D:\105上課程\微算機原理與應用\作業\HW2\hw2\digital_sum\Debug\Obj\asm.r43 )
Warning[w1]: Error tag encountered in module digital_sum ( D:\105上課程\微算機原理與應用\作業\HW2\hw2\digital_sum\Debug\Obj\asm.r43 )
Warning[w1]: Error tag encountered in module digital_sum ( D:\105上課程\微算機原理與應用\作業\HW2\hw2\digital_sum\Debug\Obj\asm.r43 )
Warning[w1]: Error tag encountered in module digital_sum ( D:\105上課程\微算機原理與應用\作業\HW2\hw2\digital_sum\Debug\Obj\asm.r43 )
Warning[w1]: Error tag encountered in module digital_sum ( D:\105上課程\微算機原理與應用\作業\HW2\hw2\digital_sum\Debug\Obj\asm.r43 )
Warning[w1]: Error tag encountered in module digital_sum ( D:\105上課程\微算機原理與應用\作業\HW2\hw2\digital_sum\Debug\Obj\asm.r43 )
Error[e13]: Corrupt file.  Error tag encountered in module digital_sum ( D:\105上課程\微算機原理與應用\作業\HW2\hw2\digital_sum\Debug\Obj\asm.r43 )
